#import module
>>> print_square = __import__('4-print_square').print_square

# Valid Cases:
>>> print_square(10)
##########
##########
##########
##########
##########
##########
##########
##########
##########
##########
>>> print_square(0)
<BLANKLINE>

# Invalid Cases:
>>> print_square(-5)
Traceback (most recent call last):
    ...
ValueError: size must be >= 0

>>> print_square('a')
Traceback (most recent call last):
    ...
TypeError: size must be an integer

>>> print_square(2, 3)
Traceback (most recent call last):
    ...
TypeError: print_square() takes 1 positional argument but 2 were given

>>> print_square(2.5)
Traceback (most recent call last):
    ...
TypeError: size must be an integer

>>> print_square(80)
################################################################################
################################################################################
################################################################################
################################################################################
################################################################################
################################################################################
################################################################################
################################################################################
################################################################################
################################################################################
################################################################################
################################################################################
################################################################################
################################################################################
################################################################################
################################################################################
################################################################################
################################################################################
################################################################################
################################################################################
################################################################################
################################################################################
################################################################################
################################################################################
################################################################################
################################################################################
################################################################################
################################################################################
################################################################################
################################################################################
################################################################################
################################################################################
################################################################################
################################################################################
################################################################################
################################################################################
################################################################################
################################################################################
################################################################################
################################################################################
################################################################################
################################################################################
################################################################################
################################################################################
################################################################################
################################################################################
################################################################################
################################################################################
################################################################################
################################################################################
################################################################################
################################################################################
################################################################################
################################################################################
################################################################################
################################################################################
################################################################################
################################################################################
################################################################################
################################################################################
################################################################################
################################################################################
################################################################################
################################################################################
################################################################################
################################################################################
################################################################################
################################################################################
################################################################################
################################################################################
################################################################################
################################################################################
################################################################################
################################################################################
################################################################################
################################################################################
################################################################################
################################################################################
################################################################################
################################################################################

>>> print_square(1)
#
